
> my-lms-app@0.1.0 build
> next build

node.exe : ΓÜá Invalid next.config.mjs options detected: 
At line:1 char:1
+ & "C:\Program Files\nodejs/node.exe" "C:\Users\Taha-Pc\AppData\Roamin ...
+ ~~~~~~~~~~~~~~~~~~~~~~~~~~~~~~~~~~~~~~~~~~~~~~~~~~~~~~~~~~~~~~~~~~~~~
    + CategoryInfo          : NotSpecified: (ΓÜá Invalid nex...ions detected:  
   :String) [], RemoteException
    + FullyQualifiedErrorId : NativeCommandError
 
ΓÜá     Unrecognized key(s) in object: 'turbo' at "experimental"
ΓÜá See more info here: https://nextjs.org/docs/messages/invalid-next-config
Γû▓ Next.js 16.2.4 (Turbopack)
- Environments: .env.local
- Experiments (use with caution):
  ? turbo (invalid experimental key)

  Creating an optimized production build ...
Γ£ô Compiled successfully in 19.6s
  Running TypeScript ...
  Finished TypeScript in 324ms ...
  Collecting page data using 3 workers ...
  Generating static pages using 3 workers (0/22) ...
  Generating static pages using 3 workers (5/22) 
  Generating static pages using 3 workers (10/22) 
  Generating static pages using 3 workers (16/22) 
Γ£ô Generating static pages using 3 workers (22/22) in 1519ms
  Finalizing page optimization ...

Route (app)
Γöî Γùï /
Γö£ Γùï /_not-found
Γö£ Γùï /dashboard
Γö£ Γùï /dashboard/academic
Γö£ Γùï /dashboard/attendance
Γö£ Γùï /dashboard/challans
Γö£ Γùï /dashboard/coordinator
Γö£ Γùï /dashboard/financials
Γö£ Γùï /dashboard/id-card
Γö£ Γùï /dashboard/institutions
Γö£ Γùï /dashboard/principal
Γö£ Γùï /dashboard/reports
Γö£ Γùï /dashboard/results
Γö£ Γùï /dashboard/settings/profile
Γö£ Γùï /dashboard/students
Γö£ Γùï /dashboard/superadmin
Γö£ Γùï /dashboard/teacher
Γö£ Γùï /dashboard/users
Γö£ Γùï /login
Γöö Γùï /signup


Γùï  (Static)  prerendered as static content

